
12144@LAPTOP-4DBMKN5N MINGW64 /c/javaforSts/firstProject/src/firstProject2 (master)
$ git init
Initialized empty Git repository in C:/javaforSts/firstProject/src/firstProject2/.git/

12144@LAPTOP-4DBMKN5N MINGW64 /c/javaforSts/firstProject/src/firstProject2 (master)
$ git config --global user.name 'amulyavm'

12144@LAPTOP-4DBMKN5N MINGW64 /c/javaforSts/firstProject/src/firstProject2 (master)
$ git config --global user.email 'amulya.mu@gmail.com'

12144@LAPTOP-4DBMKN5N MINGW64 /c/javaforSts/firstProject/src/firstProject2 (master)
$ git add First.java

12144@LAPTOP-4DBMKN5N MINGW64 /c/javaforSts/firstProject/src/firstProject2 (master)
$ git status
On branch master

No commits yet

Changes to be committed:
  (use "git rm --cached <file>..." to unstage)

        new file:   First.java


12144@LAPTOP-4DBMKN5N MINGW64 /c/javaforSts/firstProject/src/firstProject2 (master)
$ git commit
[master (root-commit) 5c558f6] t
 1 file changed, 23 insertions(+)
 create mode 100644 First.java

12144@LAPTOP-4DBMKN5N MINGW64 /c/javaforSts/firstProject/src/firstProject2 (master)
$ git remote

12144@LAPTOP-4DBMKN5N MINGW64 /c/javaforSts/firstProject/src/firstProject2 (master)
$ git remote add origin https://github.com/amulyavm/prgs-batch2.git

12144@LAPTOP-4DBMKN5N MINGW64 /c/javaforSts/firstProject/src/firstProject2 (master)
$ git remote
origin

12144@LAPTOP-4DBMKN5N MINGW64 /c/javaforSts/firstProject/src/firstProject2 (master)
$ git push -u origin master
To https://github.com/amulyavm/prgs-batch2.git
 ! [rejected]        master -> master (fetch first)
error: failed to push some refs to 'https://github.com/amulyavm/prgs-batch2.git'
hint: Updates were rejected because the remote contains work that you do
hint: not have locally. This is usually caused by another repository pushing
hint: to the same ref. You may want to first integrate the remote changes
hint: (e.g., 'git pull ...') before pushing again.
hint: See the 'Note about fast-forwards' in 'git push --help' for details.

12144@LAPTOP-4DBMKN5N MINGW64 /c/javaforSts/firstProject/src/firstProject2 (master)
$ git pull
warning: no common commits
remote: Enumerating objects: 9, done.
remote: Counting objects: 100% (9/9), done.
remote: Compressing objects: 100% (8/8), done.
remote: Total 9 (delta 1), reused 5 (delta 0), pack-reused 0
Unpacking objects: 100% (9/9), done.
From https://github.com/amulyavm/prgs-batch2
 * [new branch]      master     -> origin/master
 * [new branch]      mybranch01 -> origin/mybranch01
There is no tracking information for the current branch.
Please specify which branch you want to merge with.
See git-pull(1) for details.

    git pull <remote> <branch>

If you wish to set tracking information for this branch you can do so with:

    git branch --set-upstream-to=origin/<branch> master


12144@LAPTOP-4DBMKN5N MINGW64 /c/javaforSts/firstProject/src/firstProject2 (master)
$ git push
fatal: The current branch master has no upstream branch.
To push the current branch and set the remote as upstream, use

    git push --set-upstream origin master


12144@LAPTOP-4DBMKN5N MINGW64 /c/javaforSts/firstProject/src/firstProject2 (master)
$ git push --set-upstream origin master
To https://github.com/amulyavm/prgs-batch2.git
 ! [rejected]        master -> master (non-fast-forward)
error: failed to push some refs to 'https://github.com/amulyavm/prgs-batch2.git'
hint: Updates were rejected because the tip of your current branch is behind
hint: its remote counterpart. Integrate the remote changes (e.g.
hint: 'git pull ...') before pushing again.
hint: See the 'Note about fast-forwards' in 'git push --help' for details.

12144@LAPTOP-4DBMKN5N MINGW64 /c/javaforSts/firstProject/src/firstProject2 (master)
$ git push --help

12144@LAPTOP-4DBMKN5N MINGW64 /c/javaforSts/firstProject/src/firstProject2 (master)
$ git merge
fatal: No remote for the current branch.

12144@LAPTOP-4DBMKN5N MINGW64 /c/javaforSts/firstProject/src/firstProject2 (master)
$ git add https://github.com/amulyavm/first-repo.git
fatal: pathspec 'https://github.com/amulyavm/first-repo.git' did not match any files

12144@LAPTOP-4DBMKN5N MINGW64 /c/javaforSts/firstProject/src/firstProject2 (master)
$ git add https://github.com/amulyavm/first-repo.git
fatal: pathspec 'https://github.com/amulyavm/first-repo.git' did not match any files

12144@LAPTOP-4DBMKN5N MINGW64 /c/javaforSts/firstProject/src/firstProject2 (master)
$ git push
fatal: The current branch master has no upstream branch.
To push the current branch and set the remote as upstream, use

    git push --set-upstream origin master


12144@LAPTOP-4DBMKN5N MINGW64 /c/javaforSts/firstProject/src/firstProject2 (master)
$ git pull
There is no tracking information for the current branch.
Please specify which branch you want to merge with.
See git-pull(1) for details.

    git pull <remote> <branch>

If you wish to set tracking information for this branch you can do so with:

    git branch --set-upstream-to=origin/<branch> master


12144@LAPTOP-4DBMKN5N MINGW64 /c/javaforSts/firstProject/src/firstProject2 (master)
$ git push
fatal: The current branch master has no upstream branch.
To push the current branch and set the remote as upstream, use

    git push --set-upstream origin master


12144@LAPTOP-4DBMKN5N MINGW64 /c/javaforSts/firstProject/src/firstProject2 (master)
$ git add https://github.com/amulyavm/prgs-batch2.git
fatal: pathspec 'https://github.com/amulyavm/prgs-batch2.git' did not match any files

12144@LAPTOP-4DBMKN5N MINGW64 /c/javaforSts/firstProject/src/firstProject2 (master)
$ git checkout -b
error: switch `b' requires a value

12144@LAPTOP-4DBMKN5N MINGW64 /c/javaforSts/firstProject/src/firstProject2 (master)
$ git mergetool

This message is displayed because 'merge.tool' is not configured.
See 'git mergetool --tool-help' or 'git help config' for more details.
'git mergetool' will now attempt to use one of the following tools:
opendiff kdiff3 tkdiff xxdiff meld tortoisemerge gvimdiff diffuse diffmerge ecmerge p4merge araxis bc codecompare emerge vimdiff
No files need merging

12144@LAPTOP-4DBMKN5N MINGW64 /c/javaforSts/firstProject/src/firstProject2 (master)
$ git merge
fatal: No remote for the current branch.

12144@LAPTOP-4DBMKN5N MINGW64 /c/javaforSts/firstProject/src/firstProject2 (master)
$ git pull
There is no tracking information for the current branch.
Please specify which branch you want to merge with.
See git-pull(1) for details.

    git pull <remote> <branch>

If you wish to set tracking information for this branch you can do so with:

    git branch --set-upstream-to=origin/<branch> master


12144@LAPTOP-4DBMKN5N MINGW64 /c/javaforSts/firstProject/src/firstProject2 (master)
$ git push
fatal: The current branch master has no upstream branch.
To push the current branch and set the remote as upstream, use

    git push --set-upstream origin master


12144@LAPTOP-4DBMKN5N MINGW64 /c/javaforSts/firstProject/src/firstProject2 (master)
$ git push -u origin --all
To https://github.com/amulyavm/prgs-batch2.git
 ! [rejected]        master -> master (non-fast-forward)
error: failed to push some refs to 'https://github.com/amulyavm/prgs-batch2.git'
hint: Updates were rejected because the tip of your current branch is behind
hint: its remote counterpart. Integrate the remote changes (e.g.
hint: 'git pull ...') before pushing again.
hint: See the 'Note about fast-forwards' in 'git push --help' for details.

12144@LAPTOP-4DBMKN5N MINGW64 /c/javaforSts/firstProject/src/firstProject2 (master)
$ git pull
There is no tracking information for the current branch.
Please specify which branch you want to merge with.
See git-pull(1) for details.

    git pull <remote> <branch>

If you wish to set tracking information for this branch you can do so with:

    git branch --set-upstream-to=origin/<branch> master


12144@LAPTOP-4DBMKN5N MINGW64 /c/javaforSts/firstProject/src/firstProject2 (master)
$ git push -u origin --all
To https://github.com/amulyavm/prgs-batch2.git
 ! [rejected]        master -> master (non-fast-forward)
error: failed to push some refs to 'https://github.com/amulyavm/prgs-batch2.git'
hint: Updates were rejected because the tip of your current branch is behind
hint: its remote counterpart. Integrate the remote changes (e.g.
hint: 'git pull ...') before pushing again.
hint: See the 'Note about fast-forwards' in 'git push --help' for details.

12144@LAPTOP-4DBMKN5N MINGW64 /c/javaforSts/firstProject/src/firstProject2 (master)
$ git rebase origin/master
First, rewinding head to replay your work on top of it...
Applying: t

12144@LAPTOP-4DBMKN5N MINGW64 /c/javaforSts/firstProject/src/firstProject2 (master)
$ git push
fatal: The current branch master has no upstream branch.
To push the current branch and set the remote as upstream, use

    git push --set-upstream origin master


12144@LAPTOP-4DBMKN5N MINGW64 /c/javaforSts/firstProject/src/firstProject2 (master)
$ git pull --rebase
There is no tracking information for the current branch.
Please specify which branch you want to rebase against.
See git-pull(1) for details.

    git pull <remote> <branch>

If you wish to set tracking information for this branch you can do so with:

    git branch --set-upstream-to=origin/<branch> master


12144@LAPTOP-4DBMKN5N MINGW64 /c/javaforSts/firstProject/src/firstProject2 (master)
$ git pull --rebase origin master
From https://github.com/amulyavm/prgs-batch2
 * branch            master     -> FETCH_HEAD
Current branch master is up to date.

12144@LAPTOP-4DBMKN5N MINGW64 /c/javaforSts/firstProject/src/firstProject2 (master)
$ git push
fatal: The current branch master has no upstream branch.
To push the current branch and set the remote as upstream, use

    git push --set-upstream origin master


12144@LAPTOP-4DBMKN5N MINGW64 /c/javaforSts/firstProject/src/firstProject2 (master)
$ git cummit
git: 'cummit' is not a git command. See 'git --help'.

The most similar command is
        commit

12144@LAPTOP-4DBMKN5N MINGW64 /c/javaforSts/firstProject/src/firstProject2 (master)
$ git commit
On branch master
nothing to commit, working tree clean

12144@LAPTOP-4DBMKN5N MINGW64 /c/javaforSts/firstProject/src/firstProject2 (master)
$ git push
fatal: The current branch master has no upstream branch.
To push the current branch and set the remote as upstream, use

    git push --set-upstream origin master


12144@LAPTOP-4DBMKN5N MINGW64 /c/javaforSts/firstProject/src/firstProject2 (master)
$ git reset --hard
HEAD is now at 2ed3ee2 t

12144@LAPTOP-4DBMKN5N MINGW64 /c/javaforSts/firstProject/src/firstProject2 (master)
$ git push
fatal: The current branch master has no upstream branch.
To push the current branch and set the remote as upstream, use

    git push --set-upstream origin master


12144@LAPTOP-4DBMKN5N MINGW64 /c/javaforSts/firstProject/src/firstProject2 (master)
$ git commit
On branch master
nothing to commit, working tree clean

12144@LAPTOP-4DBMKN5N MINGW64 /c/javaforSts/firstProject/src/firstProject2 (master)
$ git remote
origin

12144@LAPTOP-4DBMKN5N MINGW64 /c/javaforSts/firstProject/src/firstProject2 (master)
$ git push --set-upstream origin master
Enumerating objects: 4, done.
Counting objects: 100% (4/4), done.
Delta compression using up to 4 threads
Compressing objects: 100% (3/3), done.
Writing objects: 100% (3/3), 486 bytes | 162.00 KiB/s, done.
Total 3 (delta 0), reused 0 (delta 0)
To https://github.com/amulyavm/prgs-batch2.git
   c83bb4a..2ed3ee2  master -> master
Branch 'master' set up to track remote branch 'master' from 'origin'.

12144@LAPTOP-4DBMKN5N MINGW64 /c/javaforSts/firstProject/src/firstProject2 (master)
$ git add
Nothing specified, nothing added.
Maybe you wanted to say 'git add .'?

12144@LAPTOP-4DBMKN5N MINGW64 /c/javaforSts/firstProject/src/firstProject2 (master)
$ git stash
No local changes to save

12144@LAPTOP-4DBMKN5N MINGW64 /c/javaforSts/firstProject/src/firstProject2 (master)
$
